// Jest Snapshot v1, https://goo.gl/fbAQLP

exports[`should render ExpenseListItem with expenses new 1`] = `
<div>
  <span>
    <Link
      to="/edit/2"
    >
      Rent
    </Link>
    - 
    €1,095.00
     -
    December 28th, 1969
      
    <button
      onClick={[Function]}
    >
      Remove
    </button>
  </span>
</div>
`;
